PASSED_COUNT=22
PASS:removerepair
PASS:Schedular_Ble_without_router
PASS:login_SuccessFlow
PASS:connectivityBlewithoutRouter
PASS:Ble_without_Factory_Reset
PASS:Analyticscheck
PASS:SmartConfig_CONNECTIVITY
PASS:signUp
PASS:signUp
PASS:signIn_ValidUser
PASS:pairingSmartConfig
PASS:deviceSettings
PASS:signInandSignOutFlow
PASS:AnalyticsBLEWithoutRouter
PASS:Schedular_Ble_without_Router
PASS:analyticsRemoteCheck
PASS:deviceSettings
PASS:analyticsSmartConfig
PASS:deviceSettings
PASS:signIn
PASS:pairing_BlewithoutRouter
PASS:connectivityBlewithRouter
FAILED_COUNT=5
FAIL:SampMax_Info_check
FAIL:analyticsofflineSession
FAIL:pairingWithRouter
FAIL:Schedular_Smartconfig
FAIL:Schedular_Smartconfig_App_Close
SKIPPED_COUNT=8
SKIP:pairingSmartConfig
SKIP:Schedular_Smartconfig_App_Close
SKIP:connectivityBlewithoutRouter
SKIP:Schedular_Smartconfig
SKIP:pairingWithRouter
SKIP:SampMax_Info_check
SKIP:Schedular_Ble_without_router
SKIP:analyticsofflineSession
